Tue Oct 11 16:36:54 CEST 2016
;Jönsson S, Davidse A, Wilkins J, Van der Walt JS, Simonsson US, Karlsson MO, Smith P, McIlleron H.
;Population pharmacokinetics of ethambutol in South African tuberculosis patients.
;Antimicrob Agents Chemother. 2011 Sep;55(9):4230-7. doi: 10.1128/AAC.00274-11.
$PROBLEM    EMB (log)
$INPUT      ID STID=DROP DAY=DROP RATE=DROP OT1=DROP OT2=DROP TIME
            ODV=DROP DV MDV AMT ADDL II EVID AGE=DROP SEX=DROP WT
            HT=DROP BMI=DROP RACE=DROP SMOK=DROP ALC=DROP DPKG=DROP
            HIV HB=DROP HCT=DROP RBC=DROP MCV=DROP WBC=DROP AP=DROP
            LNAP=DROP ALT=DROP AST=DROP CRT=DROP TBIL=DROP UREA=DROP
            FDC=DROP LOC=DROP CLCR=DROP BSA=DROP INHP=DROP PZAP=DROP
            CLC2=DROP OCC DOS=DROP NDOS=DROP DTIM=DROP TAD=DROP
            TAD2=DROP
$DATA      Simulated_data.csv IGNORE=@

;TIME in hours

;DV is logtransformed concentrations

;MDV Missing dependent variable: 0 for observations, 1 for dose records

;AMT dose amount

;ADDL additional dose data items, defines number of doses given in addition to the current

;II interdose interval, the dosing interval between repeated doses

;EVID event data item: 0 for observations, 1 for dose records

;WT body weight in kg

;HIV: 0 HIV negative, 1 HIV positive
$SUBROUTINE ADVAN5 TRANS1
$MODEL      NCOMP=4 COMP=(TRANSIT) COMP=(ABS) COMP=(CENTRAL)
            COMP=(PERIPH)
$PK 
    OC1   = 0
    OC2   = 0
    OC3   = 0
    OC4   = 0

    IF(OCC.EQ.1) OC1 = 1
    IF(OCC.EQ.2) OC2 = 1
    IF(OCC.EQ.3) OC3 = 1
    IF(OCC.EQ.4) OC4 = 1

    TVCL  = THETA(1)*(WT/50)**0.75     ;allometric scaling with body weight,
    TVV2  = THETA(2)*(WT/50)**1        ;on clearance and volume terms. Theory based exponents
    TVKA  = THETA(3)
    TVV3  = THETA(6)*(WT/50)**1
    TVQ   = THETA(7)*(WT/50)**0.75
    TVMTT = THETA(8)

    FCOV = 1
    IF(HIV.EQ.1) FCOV = 1 + THETA(9)   ;HIV on bioavailability

    CL    = TVCL*EXP(ETA(1)+OC1*ETA(7)+OC2*ETA(8)+OC3*ETA(9)+OC4*ETA(10))
    V2    = TVV2*EXP(ETA(2))
    KA    = TVKA*EXP(ETA(3))
    V3    = TVV3*EXP(ETA(4))
    Q     = TVQ*EXP(ETA(5))
    F1    = 1*FCOV
    MTT = TVMTT * EXP(ETA(6))
    KTR = 1/MTT

  K12 = KTR
  K23 = KA
  K34 = Q/V2
  K43 = Q/V3
  K30 = CL/V2

  S3 = V2

$ERROR  (ONLY OBSERVATIONS)     ;log transformation both sides
    IF (F.EQ.0) THEN
      IPRED = 0
    ELSE
      IPRED = LOG(F)
    ENDIF
    IRES = DV - IPRED
    W = SQRT(THETA(4)**2 + (THETA(5)/(F+.0001))**2)
    IF (W.EQ.0) W = 1
    IWRES = IRES / W
    Y = IPRED + W * EPS(1)

$THETA  (0,40.90000) ; 1CL
 (0,139.0000) ; 2V
 (0,0.505000) ; 3KA
 (0,0.314000) ; 4Prop error
 (0,0.120000) ; 5Add error
 (0,1110.000) ; 6V3
 (0,28.50000) ; 7Q
 (0,0.359000) ; 8MTT
 (-1,-0.15500) ; 9FCOV
$OMEGA  0.040800  ;       1CL_
 0  FIX  ;        2V2
 0.366000  ;       3KA_
 0  FIX  ;        4V3
 0  FIX  ;         5Q
 0.702000  ;       6MTT
$OMEGA  BLOCK(1)
 0.203000  ;    7IOV-CL
$OMEGA  BLOCK(1) SAME
$OMEGA  BLOCK(1) SAME
$OMEGA  BLOCK(1) SAME
$SIGMA  1  FIX
$ESTIMATION METHOD=1 INTER NOABORT PRINT=2 MAXEVAL=0
;$COVARIANCE


NM-TRAN MESSAGES
  
 WARNINGS AND ERRORS (IF ANY) FOR PROBLEM    1
             
 (WARNING  2) NM-TRAN INFERS THAT THE DATA ARE POPULATION.

License Registered to: Uppsala University
Expiration Date:    14 MAR 2017
Current Date:       11 OCT 2016
Days until program expires : 158
1NONLINEAR MIXED EFFECTS MODEL PROGRAM (NONMEM) VERSION 7.3.0
 ORIGINALLY DEVELOPED BY STUART BEAL, LEWIS SHEINER, AND ALISON BOECKMANN
 CURRENT DEVELOPERS ARE ROBERT BAUER, ICON DEVELOPMENT SOLUTIONS,
 AND ALISON BOECKMANN. IMPLEMENTATION, EFFICIENCY, AND STANDARDIZATION
 PERFORMED BY NOUS INFOSYSTEMS.
 
 PROBLEM NO.:         1
 EMB (log)                                                               
0DATA CHECKOUT RUN:              NO 
 DATA SET LOCATED ON UNIT NO.:    2
 THIS UNIT TO BE REWOUND:        NO 
 NO. OF DATA RECS IN DATA SET:     3681
 NO. OF DATA ITEMS IN DATA SET:  11
 ID DATA ITEM IS DATA ITEM NO.:   1
 DEP VARIABLE IS DATA ITEM NO.:   3
 MDV DATA ITEM IS DATA ITEM NO.:  4
0INDICES PASSED TO SUBROUTINE PRED:
   8   2   5   0   0   7   0   0   0   0   6
0LABELS FOR DATA ITEMS:
 ID TIME DV MDV AMT ADDL II EVID WT HIV OCC
0FORMAT FOR DATA:
 (E4.0,E8.0,E13.0,E2.0,E5.0,E3.0,E4.0,E2.0,E3.0,E2.0,E4.0)                       
 
 TOT. NO. OF OBS RECS:     1869
 TOT. NO. OF INDIVIDUALS:    189
0LENGTH OF THETA:   9
0DEFAULT THETA BOUNDARY TEST OMITTED:    NO 
0OMEGA HAS BLOCK FORM:
  1
  0  2
  0  0  3
  0  0  0  4
  0  0  0  0  5
  0  0  0  0  0  6
  0  0  0  0  0  0  7
  0  0  0  0  0  0  0  7
  0  0  0  0  0  0  0  0  7
  0  0  0  0  0  0  0  0  0  7
0DEFAULT OMEGA BOUNDARY TEST OMITTED:    NO 
0SIGMA HAS SIMPLE DIAGONAL FORM WITH DIMENSION:   1
0DEFAULT SIGMA BOUNDARY TEST OMITTED:    NO 
0INITIAL ESTIMATE OF THETA:
 LOWER BOUND    INITIAL EST    UPPER BOUND
  0.0000E+00     0.4090E+02     0.1000E+07
  0.0000E+00     0.1390E+03     0.1000E+07
  0.0000E+00     0.5050E+00     0.1000E+07
  0.0000E+00     0.3140E+00     0.1000E+07
  0.0000E+00     0.1200E+00     0.1000E+07
  0.0000E+00     0.1110E+04     0.1000E+07
  0.0000E+00     0.2850E+02     0.1000E+07
  0.0000E+00     0.3590E+00     0.1000E+07
 -0.1000E+01    -0.1550E+00     0.1000E+07
0INITIAL ESTIMATE OF OMEGA:
 BLOCK SET NO.   BLOCK                                                                    FIXED
        1                                                                                   NO 
                  0.4080E-01
        2                                                                                  YES 
                  0.0000E+00
        3                                                                                   NO 
                  0.3660E+00
        4                                                                                  YES 
                  0.0000E+00
        5                                                                                  YES 
                  0.0000E+00
        6                                                                                   NO 
                  0.7020E+00
        7                                                                                   NO 
                  0.2030E+00
0INITIAL ESTIMATE OF SIGMA:
 0.1000E+01
0SIGMA CONSTRAINED TO BE THIS INITIAL ESTIMATE
1DOUBLE PRECISION PREDPP VERSION 7.3.0
 
 GENERAL LINEAR KINETICS MODEL (ADVAN5)
0MODEL SUBROUTINE USER-SUPPLIED - ID NO. 9999
0MAXIMUM NO. OF BASIC PK PARAMETERS:   5
0RATE CONSTANT PARAMETERS - ASSIGNMENT OF ROWS IN GG
            TO COMPT.
  FROM      1    2    3    4    5
  COMPT.
    1       *    1    -    -    -
    2       -    *    2    -    -
    3       -    -    *    3    5
    4       -    -    4    *    -
             * LINK FROM A COMPARTMENT TO ITSELF IS NOT POSSIBLE
             - LINK BETWEEN THESE COMPARTMENTS IS NOT DEFINED FOR THIS MODEL
0COMPARTMENT ATTRIBUTES 
 COMPT. NO.   FUNCTION   INITIAL    ON/OFF      DOSE      DEFAULT    DEFAULT
                         STATUS     ALLOWED    ALLOWED    FOR DOSE   FOR OBS.
    1         TRANSIT      ON         YES        YES        YES        NO 
    2         ABS          ON         YES        YES        NO         NO 
    3         CENTRAL      ON         YES        YES        NO         YES
    4         PERIPH       ON         YES        YES        NO         NO 
    5         OUTPUT       OFF        YES        NO         NO         NO 
1
 ADDITIONAL PK PARAMETERS - ASSIGNMENT OF ROWS IN GG
 COMPT. NO.                             INDICES
              SCALE      BIOAVAIL.   ZERO-ORDER  ZERO-ORDER  ABSORB
                         FRACTION    RATE        DURATION    LAG  
    1            *           6           *           *           *
    2            *           *           *           *           *
    3            7           *           *           *           *
    4            *           *           *           *           *
    5            *           -           -           -           -
             - PARAMETER IS NOT ALLOWED FOR THIS MODEL
             * PARAMETER IS NOT SUPPLIED BY PK SUBROUTINE;
               WILL DEFAULT TO ONE IF APPLICABLE
0DATA ITEM INDICES USED BY PRED ARE:
   EVENT ID DATA ITEM IS DATA ITEM NO.:      8
   TIME DATA ITEM IS DATA ITEM NO.:          2
   DOSE AMOUNT DATA ITEM IS DATA ITEM NO.:   5
   INTERVAL DATA ITEM IS DATA ITEM NO.:      7
   ADDL. DOSES DATA ITEM IS DATA ITEM NO.:   6
 
0PK SUBROUTINE CALLED WITH EVERY EVENT RECORD.
 PK SUBROUTINE NOT CALLED AT NONEVENT (ADDITIONAL OR LAGGED) DOSE TIMES.
0DURING SIMULATION, ERROR SUBROUTINE CALLED WITH EVERY EVENT RECORD.    
 OTHERWISE, ERROR SUBROUTINE CALLED ONLY WITH OBSERVATION EVENTS.
1


 #TBLN:      1
 #METH: First Order Conditional Estimation with Interaction (Evaluation)

 ESTIMATION STEP OMITTED:                 YES 
 ANALYSIS TYPE:                           POPULATION
 CONDITIONAL ESTIMATES USED:              YES 
 CENTERED ETA:                            NO  
 EPS-ETA INTERACTION:                     YES 
 LAPLACIAN OBJ. FUNC.:                    NO  
 NUMERICAL DERIVATIVE 
       FILE REQUEST (NUMDER):             NONE
 MAP (ETAHAT) ESTIMATION METHOD (OPTMAP): 0           
 ETA HESSIAN EVALUATION METHOD (ETADER):  0           
 INITIAL ETA FOR MAP ESTIMATION (MCETA):  0           
 SIGDIGITS FOR MAP ESTIMATION (SIGLO):    100         
 GRADIENT SIGDIGITS OF 
       FIXED EFFECTS PARAMETERS (SIGL):   100         
 EXCLUDE TITLE (NOTITLE):                 NO 
 EXCLUDE COLUMN LABELS (NOLABEL):         NO 
 NOPRIOR SETTING (NOPRIOR):               OFF
 NOCOV SETTING (NOCOV):                   OFF
 DERCONT SETTING (DERCONT):               OFF
 ABSOLUTE TOLERANCE-ADVAN 9,13 ONLY(ATOL):-100        
 FINAL ETA RE-EVALUATION (FNLETA):        ON 
 EXCLUDE NON-INFLUENTIAL (NON-INFL.) ETAS 
       IN SHRINKAGE (ETASTYPE):           NO 
 NON-INFL. ETA CORRECTION (NONINFETA):    OFF
 FORMAT FOR ADDITIONAL FILES (FORMAT):    S1PE12.5
 PARAMETER ORDER FOR OUTPUTS (ORDER):     TSOL
 ADDITIONAL CONVERGENCE TEST (CTYPE=4)?:  NO
 EM OR BAYESIAN METHOD USED:                NONE


 THE FOLLOWING LABELS ARE EQUIVALENT
 PRED=PREDI
 RES=RESI
 WRES=WRESI
 IWRS=IWRESI
 IPRD=IPREDI
 IRS=IRESI

1
 
 
 
 
 
 
 
 
 
 
 
 
 
 
 
 
 
 
 
 
 ************************************************************************************************************************
 ********************                                                                                ********************
 ********************         FIRST ORDER CONDITIONAL ESTIMATION WITH INTERACTION (EVALUATION)       ********************
 #OBJT:**************                       MINIMUM VALUE OF OBJECTIVE FUNCTION                      ********************
 ********************                                                                                ********************
 ************************************************************************************************************************
 





 #OBJV:********************************************      185.185       **************************************************
1
 ************************************************************************************************************************
 ********************                                                                                ********************
 ********************         FIRST ORDER CONDITIONAL ESTIMATION WITH INTERACTION (EVALUATION)       ********************
 ********************                             FINAL PARAMETER ESTIMATE                           ********************
 ********************                                                                                ********************
 ************************************************************************************************************************
 


 THETA - VECTOR OF FIXED EFFECTS PARAMETERS   *********


         TH 1      TH 2      TH 3      TH 4      TH 5      TH 6      TH 7      TH 8      TH 9     
 
         4.09E+01  1.39E+02  5.05E-01  3.14E-01  1.20E-01  1.11E+03  2.85E+01  3.59E-01 -1.55E-01
 


 OMEGA - COV MATRIX FOR RANDOM EFFECTS - ETAS  ********


            ETA1      ETA2      ETA3      ETA4      ETA5      ETA6      ETA7      ETA8      ETA9      ET10   
 
 ETA1
+        4.08E-02
 
 ETA2
+        0.00E+00  0.00E+00
 
 ETA3
+        0.00E+00  0.00E+00  3.66E-01
 
 ETA4
+        0.00E+00  0.00E+00  0.00E+00  0.00E+00
 
 ETA5
+        0.00E+00  0.00E+00  0.00E+00  0.00E+00  0.00E+00
 
 ETA6
+        0.00E+00  0.00E+00  0.00E+00  0.00E+00  0.00E+00  7.02E-01
 
 ETA7
+        0.00E+00  0.00E+00  0.00E+00  0.00E+00  0.00E+00  0.00E+00  2.03E-01
 
 ETA8
+        0.00E+00  0.00E+00  0.00E+00  0.00E+00  0.00E+00  0.00E+00  0.00E+00  2.03E-01
 
 ETA9
+        0.00E+00  0.00E+00  0.00E+00  0.00E+00  0.00E+00  0.00E+00  0.00E+00  0.00E+00  2.03E-01
 
 ET10
+        0.00E+00  0.00E+00  0.00E+00  0.00E+00  0.00E+00  0.00E+00  0.00E+00  0.00E+00  0.00E+00  2.03E-01
 


 SIGMA - COV MATRIX FOR RANDOM EFFECTS - EPSILONS  ****


            EPS1   
 
 EPS1
+        1.00E+00
 
1


 OMEGA - CORR MATRIX FOR RANDOM EFFECTS - ETAS  *******


            ETA1      ETA2      ETA3      ETA4      ETA5      ETA6      ETA7      ETA8      ETA9      ET10   
 
 ETA1
+        2.02E-01
 
 ETA2
+        0.00E+00  0.00E+00
 
 ETA3
+        0.00E+00  0.00E+00  6.05E-01
 
 ETA4
+        0.00E+00  0.00E+00  0.00E+00  0.00E+00
 
 ETA5
+        0.00E+00  0.00E+00  0.00E+00  0.00E+00  0.00E+00
 
 ETA6
+        0.00E+00  0.00E+00  0.00E+00  0.00E+00  0.00E+00  8.38E-01
 
 ETA7
+        0.00E+00  0.00E+00  0.00E+00  0.00E+00  0.00E+00  0.00E+00  4.51E-01
 
 ETA8
+        0.00E+00  0.00E+00  0.00E+00  0.00E+00  0.00E+00  0.00E+00  0.00E+00  4.51E-01
 
 ETA9
+        0.00E+00  0.00E+00  0.00E+00  0.00E+00  0.00E+00  0.00E+00  0.00E+00  0.00E+00  4.51E-01
 
 ET10
+        0.00E+00  0.00E+00  0.00E+00  0.00E+00  0.00E+00  0.00E+00  0.00E+00  0.00E+00  0.00E+00  4.51E-01
 


 SIGMA - CORR MATRIX FOR RANDOM EFFECTS - EPSILONS  ***


            EPS1   
 
 EPS1
+        1.00E+00
 
 #CPUT: Total CPU Time in Seconds,       10.518
Stop Time:
Tue Oct 11 16:37:06 CEST 2016
