Wed Aug 23 07:50:23 CEST 2017
;Rerun to estimate parameters at CLCR 70 and WT 75
;;1. Aim with run
;;   Based on run93
;;   Adding BLOCK(2)
;;2. Based on run31 from NXY-0004
;;3. Structural model
;;   Two-compartment model
;;4. Covariate model
;;   CLCR on CL (nonlinear)
;;   WT on V1
;;5. Interindividual model
;;   Exponential IIV for CL, V1,
;;   and correlation between CL and V1
;;6. Residual variability
;;   Proportional (but add w logtr data)
;;7. Estimation
;;   FOCE
;;8. Other
;;   Simulated_comb2.dta
$PROBLEM    NXY-059 Analysis,SA-NXY-0004 and 0003
$INPUT      ID OID=DROP CENT=DROP PNO=DROP TARG DAT2=DROP TIME AMT
            DUR=DROP RATE ODV DV FU FLAG=DROP SEX AGE WT HT BMI RACE
            SCR CLCR FLA2 STUD
$DATA      Simulated_comb2.dta IGNORE=@
$SUBROUTINE ADVAN3 TRANS4
$PK

 CREA = CLCR
 IF(CLCR.EQ.-99) CREA = 61.48
 IF(CLCR.EQ.-99.AND.ID.EQ.10) CREA = 34.55
 IF(CLCR.EQ.-99.AND.ID.EQ.21) CREA = 124.22
 IF(CREA.LE.40)  CLCLCR = 0
 IF(CREA.GT.40)  CLCLCR = THETA(6)*(CREA-40)

 IF(WT.EQ.-99) THEN
    V1WT = 0
 ELSE
    V1WT = THETA(7)*(WT-76.00)
 ENDIF

CLCOV=1+CLCLCR
V1COV=1+V1WT

TVCL   = THETA(5)*CLCOV
TVV1   = THETA(2)*V1COV
TVQ    = THETA(3)
TVV2   = THETA(4)

CL     = TVCL*EXP(ETA(1))
V1     = TVV1*EXP(ETA(2))
Q      = TVQ
V2     = TVV2

S1     = V1

$ERROR

NPRE   = F+0.000001
IPRED  = LOG(F+0.000001)
IRES   = DV-IPRED
W      = THETA(1)
IWRES  = IRES/W
Y      = IPRED+EPS(1)*W


$THETA  (0,0.1650) ; 1 prop error
$THETA  (0,7.8500) ; 2 V1
$THETA  (0,13.100) ; 3 Q
$THETA  (0,7.2000) ; 4 V2
$THETA  (0,2.8800) ; 5 TVCL
$THETA  (-0.00972,0.0192,0.0505) ; 6 CLCR on CLR
$THETA  (-0.020,0.0184,0.027) ; 7 WT on V1
$OMEGA  BLOCK(2)
 0.0536
 0.02 0.160  ; IIV CL, V1
$SIGMA  1  FIX
$ESTIMATION PRINT=2 METHOD=1 SIG=3 MSFO=msfb111 NOABORT MAX=0
;;COV

;;$TAB ID TIME TARG STUD ODV NPRE IPRED IWRES  ONEHEADER NOPRINT FILE=sdtab111

;;$TAB ID V1 ETA(1) CL ETA(2) TVCL TVV1        ONEHEADER NOPRINT FILE=patab111

;;$TAB ID FU AGE WT HT BMI SCR CLCR            ONEHEADER NOPRINT FILE=cotab111

;;$TAB ID SEX RACE                             ONEHEADER NOPRINT FILE=catab111


NM-TRAN MESSAGES
  
 WARNINGS AND ERRORS (IF ANY) FOR PROBLEM    1
             
 (WARNING  2) NM-TRAN INFERS THAT THE DATA ARE POPULATION.

 (DATA WARNING   3) RECORD        51, DATA ITEM   3, CONTENTS: 00/08/21 
 THE YEAR IS ASSUMED TO BE 2000 (A LEAP YEAR). IF THIS IS INCORRECT, USE
 $DATA'S LAST20 OPTION TO OVERRIDE THE DEFAULT VALUE OF LAST20 IN NMTRAN'S
 ABLOCK, OR CHANGE THE CURRENT DEFAULT: 50

 (DATA WARNING   3) RECORD        52, DATA ITEM   3, CONTENTS: 00/08/21 
 THE YEAR IS ASSUMED TO BE 2000 (A LEAP YEAR). IF THIS IS INCORRECT, USE
 $DATA'S LAST20 OPTION TO OVERRIDE THE DEFAULT VALUE OF LAST20 IN NMTRAN'S
 ABLOCK, OR CHANGE THE CURRENT DEFAULT: 50

 (DATA WARNING   3) RECORD        53, DATA ITEM   3, CONTENTS: 00/08/21 
 THE YEAR IS ASSUMED TO BE 2000 (A LEAP YEAR). IF THIS IS INCORRECT, USE
 $DATA'S LAST20 OPTION TO OVERRIDE THE DEFAULT VALUE OF LAST20 IN NMTRAN'S
 ABLOCK, OR CHANGE THE CURRENT DEFAULT: 50

 (DATA WARNING   3) RECORD        54, DATA ITEM   3, CONTENTS: 00/08/21 
 THE YEAR IS ASSUMED TO BE 2000 (A LEAP YEAR). IF THIS IS INCORRECT, USE
 $DATA'S LAST20 OPTION TO OVERRIDE THE DEFAULT VALUE OF LAST20 IN NMTRAN'S
 ABLOCK, OR CHANGE THE CURRENT DEFAULT: 50

 (DATA WARNING   3) RECORD        55, DATA ITEM   3, CONTENTS: 00/08/22 
 THE YEAR IS ASSUMED TO BE 2000 (A LEAP YEAR). IF THIS IS INCORRECT, USE
 $DATA'S LAST20 OPTION TO OVERRIDE THE DEFAULT VALUE OF LAST20 IN NMTRAN'S
 ABLOCK, OR CHANGE THE CURRENT DEFAULT: 50

 (DATA WARNING   3) RECORD        56, DATA ITEM   3, CONTENTS: 00/08/22 
 THE YEAR IS ASSUMED TO BE 2000 (A LEAP YEAR). IF THIS IS INCORRECT, USE
 $DATA'S LAST20 OPTION TO OVERRIDE THE DEFAULT VALUE OF LAST20 IN NMTRAN'S
 ABLOCK, OR CHANGE THE CURRENT DEFAULT: 50

 (DATA WARNING   3) RECORD        57, DATA ITEM   3, CONTENTS: 00/08/22 
 THE YEAR IS ASSUMED TO BE 2000 (A LEAP YEAR). IF THIS IS INCORRECT, USE
 $DATA'S LAST20 OPTION TO OVERRIDE THE DEFAULT VALUE OF LAST20 IN NMTRAN'S
 ABLOCK, OR CHANGE THE CURRENT DEFAULT: 50

 (DATA WARNING   3) RECORD        58, DATA ITEM   3, CONTENTS: 00/08/23 
 THE YEAR IS ASSUMED TO BE 2000 (A LEAP YEAR). IF THIS IS INCORRECT, USE
 $DATA'S LAST20 OPTION TO OVERRIDE THE DEFAULT VALUE OF LAST20 IN NMTRAN'S
 ABLOCK, OR CHANGE THE CURRENT DEFAULT: 50

 (DATA WARNING   3) RECORD        59, DATA ITEM   3, CONTENTS: 00/08/23 
 THE YEAR IS ASSUMED TO BE 2000 (A LEAP YEAR). IF THIS IS INCORRECT, USE
 $DATA'S LAST20 OPTION TO OVERRIDE THE DEFAULT VALUE OF LAST20 IN NMTRAN'S
 ABLOCK, OR CHANGE THE CURRENT DEFAULT: 50

 (DATA WARNING   3) RECORD        60, DATA ITEM   3, CONTENTS: 00/08/24 
 THE YEAR IS ASSUMED TO BE 2000 (A LEAP YEAR). IF THIS IS INCORRECT, USE
 $DATA'S LAST20 OPTION TO OVERRIDE THE DEFAULT VALUE OF LAST20 IN NMTRAN'S
 ABLOCK, OR CHANGE THE CURRENT DEFAULT: 50

 (DATA WARNING   3) RECORD        61, DATA ITEM   3, CONTENTS: 00/08/24 
 THE YEAR IS ASSUMED TO BE 2000 (A LEAP YEAR). IF THIS IS INCORRECT, USE
 $DATA'S LAST20 OPTION TO OVERRIDE THE DEFAULT VALUE OF LAST20 IN NMTRAN'S
 ABLOCK, OR CHANGE THE CURRENT DEFAULT: 50

 (DATA WARNING   3) RECORD        62, DATA ITEM   3, CONTENTS: 00/08/24 
 THE YEAR IS ASSUMED TO BE 2000 (A LEAP YEAR). IF THIS IS INCORRECT, USE
 $DATA'S LAST20 OPTION TO OVERRIDE THE DEFAULT VALUE OF LAST20 IN NMTRAN'S
 ABLOCK, OR CHANGE THE CURRENT DEFAULT: 50

 (DATA WARNING   3) RECORD        63, DATA ITEM   3, CONTENTS: 00/08/24 
 THE YEAR IS ASSUMED TO BE 2000 (A LEAP YEAR). IF THIS IS INCORRECT, USE
 $DATA'S LAST20 OPTION TO OVERRIDE THE DEFAULT VALUE OF LAST20 IN NMTRAN'S
 ABLOCK, OR CHANGE THE CURRENT DEFAULT: 50

 (DATA WARNING   3) RECORD        64, DATA ITEM   3, CONTENTS: 00/08/24 
 THE YEAR IS ASSUMED TO BE 2000 (A LEAP YEAR). IF THIS IS INCORRECT, USE
 $DATA'S LAST20 OPTION TO OVERRIDE THE DEFAULT VALUE OF LAST20 IN NMTRAN'S
 ABLOCK, OR CHANGE THE CURRENT DEFAULT: 50

 (DATA WARNING   3) RECORD        65, DATA ITEM   3, CONTENTS: 00/09/12 
 THE YEAR IS ASSUMED TO BE 2000 (A LEAP YEAR). IF THIS IS INCORRECT, USE
 $DATA'S LAST20 OPTION TO OVERRIDE THE DEFAULT VALUE OF LAST20 IN NMTRAN'S
 ABLOCK, OR CHANGE THE CURRENT DEFAULT: 50

 (DATA WARNING   3) RECORD        66, DATA ITEM   3, CONTENTS: 00/09/12 
 THE YEAR IS ASSUMED TO BE 2000 (A LEAP YEAR). IF THIS IS INCORRECT, USE
 $DATA'S LAST20 OPTION TO OVERRIDE THE DEFAULT VALUE OF LAST20 IN NMTRAN'S
 ABLOCK, OR CHANGE THE CURRENT DEFAULT: 50

 (DATA WARNING   3) RECORD        67, DATA ITEM   3, CONTENTS: 00/09/12 
 THE YEAR IS ASSUMED TO BE 2000 (A LEAP YEAR). IF THIS IS INCORRECT, USE
 $DATA'S LAST20 OPTION TO OVERRIDE THE DEFAULT VALUE OF LAST20 IN NMTRAN'S
 ABLOCK, OR CHANGE THE CURRENT DEFAULT: 50

 (DATA WARNING   3) RECORD        68, DATA ITEM   3, CONTENTS: 00/09/12 
 THE YEAR IS ASSUMED TO BE 2000 (A LEAP YEAR). IF THIS IS INCORRECT, USE
 $DATA'S LAST20 OPTION TO OVERRIDE THE DEFAULT VALUE OF LAST20 IN NMTRAN'S
 ABLOCK, OR CHANGE THE CURRENT DEFAULT: 50

 (DATA WARNING   3) RECORD        69, DATA ITEM   3, CONTENTS: 00/09/12 
 THE YEAR IS ASSUMED TO BE 2000 (A LEAP YEAR). IF THIS IS INCORRECT, USE
 $DATA'S LAST20 OPTION TO OVERRIDE THE DEFAULT VALUE OF LAST20 IN NMTRAN'S
 ABLOCK, OR CHANGE THE CURRENT DEFAULT: 50

 (DATA WARNING   3) RECORD        70, DATA ITEM   3, CONTENTS: 00/09/13 
 THE YEAR IS ASSUMED TO BE 2000 (A LEAP YEAR). IF THIS IS INCORRECT, USE
 $DATA'S LAST20 OPTION TO OVERRIDE THE DEFAULT VALUE OF LAST20 IN NMTRAN'S
 ABLOCK, OR CHANGE THE CURRENT DEFAULT:* 50

 * THE MAXIMUM NUMBER OF WARNINGS OF ONE OR MORE TYPES WAS REACHED.
 IT IS POSSIBLE THAT SOME WARNING MESSAGES WERE SUPPRESSED.

License Registered to: Uppsala University
Expiration Date:    14 MAR 2018
Current Date:       23 AUG 2017
Days until program expires : 206
1NONLINEAR MIXED EFFECTS MODEL PROGRAM (NONMEM) VERSION 7.3.0
 ORIGINALLY DEVELOPED BY STUART BEAL, LEWIS SHEINER, AND ALISON BOECKMANN
 CURRENT DEVELOPERS ARE ROBERT BAUER, ICON DEVELOPMENT SOLUTIONS,
 AND ALISON BOECKMANN. IMPLEMENTATION, EFFICIENCY, AND STANDARDIZATION
 PERFORMED BY NOUS INFOSYSTEMS.
 
 PROBLEM NO.:         1
 NXY-059 Analysis,SA-NXY-0004 and 0003                                   
0DATA CHECKOUT RUN:              NO 
 DATA SET LOCATED ON UNIT NO.:    2
 THIS UNIT TO BE REWOUND:        NO 
 NO. OF DATA RECS IN DATA SET:     2560
 NO. OF DATA ITEMS IN DATA SET:  20
 ID DATA ITEM IS DATA ITEM NO.:   1
 DEP VARIABLE IS DATA ITEM NO.:   7
 MDV DATA ITEM IS DATA ITEM NO.: 20
0INDICES PASSED TO SUBROUTINE PRED:
  19   3   4   5   0   0   0   0   0   0   0
0LABELS FOR DATA ITEMS:
 ID TARG TIME AMT RATE ODV DV FU SEX AGE WT HT BMI RACE SCR CLCR FLA2 STUD EVID MDV
0FORMAT FOR DATA:
 (2E3.0,E7.0,E5.0,2E4.0,2E5.0,E1.0,E2.0,2E3.0,E5.0,E1.0,4E6.0/2F2.0)             
 
 TOT. NO. OF OBS RECS:     1196
 TOT. NO. OF INDIVIDUALS:    177
0LENGTH OF THETA:   7
0DEFAULT THETA BOUNDARY TEST OMITTED:    NO 
0OMEGA HAS BLOCK FORM:
  1
  1  1
0DEFAULT OMEGA BOUNDARY TEST OMITTED:    NO 
0SIGMA HAS SIMPLE DIAGONAL FORM WITH DIMENSION:   1
0DEFAULT SIGMA BOUNDARY TEST OMITTED:    NO 
0INITIAL ESTIMATE OF THETA:
 LOWER BOUND    INITIAL EST    UPPER BOUND
  0.0000E+00     0.1650E+00     0.1000E+07
  0.0000E+00     0.7850E+01     0.1000E+07
  0.0000E+00     0.1310E+02     0.1000E+07
  0.0000E+00     0.7200E+01     0.1000E+07
  0.0000E+00     0.2880E+01     0.1000E+07
 -0.9720E-02     0.1920E-01     0.5050E-01
 -0.2000E-01     0.1840E-01     0.2700E-01
0INITIAL ESTIMATE OF OMEGA:
 BLOCK SET NO.   BLOCK                                                                    FIXED
        1                                                                                   NO 
                  0.5360E-01
                  0.2000E-01   0.1600E+00
0INITIAL ESTIMATE OF SIGMA:
 0.1000E+01
0SIGMA CONSTRAINED TO BE THIS INITIAL ESTIMATE
1DOUBLE PRECISION PREDPP VERSION 7.3.0
 
 TWO COMPARTMENT MODEL (ADVAN3)
0MAXIMUM NO. OF BASIC PK PARAMETERS:   4
0BASIC PK PARAMETERS (AFTER TRANSLATION):
   BASIC PK PARAMETER NO.  1: ELIMINATION RATE (K)
   BASIC PK PARAMETER NO.  2: CENTRAL-TO-PERIPH. RATE (K12)
   BASIC PK PARAMETER NO.  3: PERIPH.-TO-CENTRAL RATE (K21)
 TRANSLATOR WILL CONVERT PARAMETERS 
 CL, V1, Q, V2 TO K, K12, K21 (TRANS4)
0COMPARTMENT ATTRIBUTES 
 COMPT. NO.   FUNCTION   INITIAL    ON/OFF      DOSE      DEFAULT    DEFAULT
                         STATUS     ALLOWED    ALLOWED    FOR DOSE   FOR OBS.
    1         CENTRAL      ON         NO         YES        YES        YES
    2         PERIPH.      ON         NO         YES        NO         NO 
    3         OUTPUT       OFF        YES        NO         NO         NO 
1
 ADDITIONAL PK PARAMETERS - ASSIGNMENT OF ROWS IN GG
 COMPT. NO.                             INDICES
              SCALE      BIOAVAIL.   ZERO-ORDER  ZERO-ORDER  ABSORB
                         FRACTION    RATE        DURATION    LAG  
    1            5           *           *           *           *
    2            *           *           *           *           *
    3            *           -           -           -           -
             - PARAMETER IS NOT ALLOWED FOR THIS MODEL
             * PARAMETER IS NOT SUPPLIED BY PK SUBROUTINE;
               WILL DEFAULT TO ONE IF APPLICABLE
0DATA ITEM INDICES USED BY PRED ARE:
   EVENT ID DATA ITEM IS DATA ITEM NO.:     19
   TIME DATA ITEM IS DATA ITEM NO.:          3
   DOSE AMOUNT DATA ITEM IS DATA ITEM NO.:   4
   DOSE RATE DATA ITEM IS DATA ITEM NO.:     5
 
0PK SUBROUTINE CALLED WITH EVERY EVENT RECORD.
 PK SUBROUTINE NOT CALLED AT NONEVENT (ADDITIONAL OR LAGGED) DOSE TIMES.
0ERROR SUBROUTINE CALLED WITH EVERY EVENT RECORD.
1


 #TBLN:      1
 #METH: First Order Conditional Estimation (Evaluation)

 ESTIMATION STEP OMITTED:                 YES 
 ANALYSIS TYPE:                           POPULATION
 CONDITIONAL ESTIMATES USED:              YES 
 CENTERED ETA:                            NO  
 EPS-ETA INTERACTION:                     NO  
 LAPLACIAN OBJ. FUNC.:                    NO  
 NUMERICAL DERIVATIVE 
       FILE REQUEST (NUMDER):             NONE
 MAP (ETAHAT) ESTIMATION METHOD (OPTMAP): 0           
 ETA HESSIAN EVALUATION METHOD (ETADER):  0           
 INITIAL ETA FOR MAP ESTIMATION (MCETA):  0           
 SIGDIGITS FOR MAP ESTIMATION (SIGLO):    100         
 GRADIENT SIGDIGITS OF 
       FIXED EFFECTS PARAMETERS (SIGL):   100         
 EXCLUDE TITLE (NOTITLE):                 NO 
 EXCLUDE COLUMN LABELS (NOLABEL):         NO 
 NOPRIOR SETTING (NOPRIOR):               OFF
 NOCOV SETTING (NOCOV):                   OFF
 DERCONT SETTING (DERCONT):               OFF
 ABSOLUTE TOLERANCE-ADVAN 9,13 ONLY(ATOL):-100        
 FINAL ETA RE-EVALUATION (FNLETA):        ON 
 EXCLUDE NON-INFLUENTIAL (NON-INFL.) ETAS 
       IN SHRINKAGE (ETASTYPE):           NO 
 NON-INFL. ETA CORRECTION (NONINFETA):    OFF
 FORMAT FOR ADDITIONAL FILES (FORMAT):    S1PE12.5
 PARAMETER ORDER FOR OUTPUTS (ORDER):     TSOL
 ADDITIONAL CONVERGENCE TEST (CTYPE=4)?:  NO
 EM OR BAYESIAN METHOD USED:                NONE


 THE FOLLOWING LABELS ARE EQUIVALENT
 PRED=NPRED
 RES=NRES
 WRES=NWRES
 IWRS=NIWRES
 IPRD=NIPRED
 IRS=NIRES

1
 
 
 
 
 
 
 
 
 
 
 
 
 
 
 
 
 
 
 
 
 ************************************************************************************************************************
 ********************                                                                                ********************
 ********************                 FIRST ORDER CONDITIONAL ESTIMATION (EVALUATION)                ********************
 #OBJT:**************                       MINIMUM VALUE OF OBJECTIVE FUNCTION                      ********************
 ********************                                                                                ********************
 ************************************************************************************************************************
 





 #OBJV:********************************************    72339.047       **************************************************
1
 ************************************************************************************************************************
 ********************                                                                                ********************
 ********************                 FIRST ORDER CONDITIONAL ESTIMATION (EVALUATION)                ********************
 ********************                             FINAL PARAMETER ESTIMATE                           ********************
 ********************                                                                                ********************
 ************************************************************************************************************************
 


 THETA - VECTOR OF FIXED EFFECTS PARAMETERS   *********


         TH 1      TH 2      TH 3      TH 4      TH 5      TH 6      TH 7     
 
         1.65E-01  7.85E+00  1.31E+01  7.20E+00  2.88E+00  1.92E-02  1.84E-02
 


 OMEGA - COV MATRIX FOR RANDOM EFFECTS - ETAS  ********


            ETA1      ETA2   
 
 ETA1
+        5.36E-02
 
 ETA2
+        2.00E-02  1.60E-01
 


 SIGMA - COV MATRIX FOR RANDOM EFFECTS - EPSILONS  ****


            EPS1   
 
 EPS1
+        1.00E+00
 
1


 OMEGA - CORR MATRIX FOR RANDOM EFFECTS - ETAS  *******


            ETA1      ETA2   
 
 ETA1
+        2.32E-01
 
 ETA2
+        2.16E-01  4.00E-01
 


 SIGMA - CORR MATRIX FOR RANDOM EFFECTS - EPSILONS  ***


            EPS1   
 
 EPS1
+        1.00E+00
 
 #CPUT: Total CPU Time in Seconds,        0.073
Stop Time:
Wed Aug 23 07:50:25 CEST 2017
