11/09/2017 
17:14
$PROBLEM    Midazolam PK in critically ill Children
$INPUT      ID TIME ; in hours
            CMT AMT ; in microgram
            RATE ; in microgram / hour
            DV ; in microgram / L
            MDV ORGF ; number of organs that are failig 
            WT ; bodyweight in kg
            CRP ; CRP concentration in mg/L
$DATA      SimulatedMidaCriticallyIll.csv IGNORE=@
$SUBROUTINE ADVAN6 TOL=6
$MODEL      COMP=(CENTRAL) COMP=(PERIPH)
$PK 
OCC=1
IF(TIME.GE.24)OCC=2
IF(TIME.GE.48)OCC=3
IF(TIME.GE.72)OCC=4
IF(TIME.GE.96)OCC=5
IF(TIME.GE.120)OCC=6

FLAG1=0 
FLAG2=0 
FLAG3=0 
FLAG4=0 
FLAG5=0 
FLAG6=0 

IF(OCC.EQ.1) FLAG1 = 1
IF(OCC.EQ.2) FLAG2 = 1
IF(OCC.EQ.3) FLAG3 = 1
IF(OCC.EQ.4) FLAG4 = 1
IF(OCC.EQ.5) FLAG5 = 1
IF(OCC.EQ.6) FLAG6 = 1

IOV=FLAG1*ETA(3)+FLAG2*ETA(4)+FLAG3*ETA(5)+FLAG4*ETA(6)+FLAG5*ETA(7)+FLAG6*ETA(8)

IIVCL = ETA(1)

ETCL = IIVCL + IOV

IF (ORGF.EQ.0) TVCL = THETA(1) * (WT/5)**(THETA(5)) * (CRP/32)**THETA(11)
IF (ORGF.EQ.1) TVCL = THETA(7) * (WT/5)**(THETA(5)) * (CRP/32)**THETA(11)
IF (ORGF.EQ.2) TVCL = THETA(8) * (WT/5)**(THETA(5)) * (CRP/32)**THETA(11)
IF (ORGF.EQ.3) TVCL = THETA(9) * (WT/5)**(THETA(5)) * (CRP/32)**THETA(11)
IF (ORGF.GT.3.5) TVCL = THETA(10) * (WT/5)**(THETA(5)) * (CRP/32)**THETA(11)
CL = TVCL * EXP(ETCL)
TVV1 = THETA(2) * (WT/5)**(THETA(6))
V1 = TVV1 * EXP(ETA(2))
TVQ  = THETA(3) 
Q  = TVQ  
TVV2 = THETA(4) 
V2 = TVV2 
S1 = V1

K10 = CL/V1
K12 = Q/V1
K21 = Q/V2

$DES 
DADT(1) = -K10*A(1) - K12*A(1) + K21*A(2)
DADT(2) =             K12*A(1) - K21*A(2)

$ERROR 
Y=F*(1+ERR(1))+ERR(2)
IPRED=F

$THETA  1.6 FIX ; CL orgf = 0
 (0.001,10) ; V1 (L)
 (0.001,1) ; Q (L/h)
 (0.001,10) ; V2 (L)
 (0.001,0.75) ; WT-CL pow
 (0.001,0.75) ; WT-V1 pow
 (0.001,1) ; CL orgf 1
 (0.001,1) ; CL orgf 2
 (0.001,1) ; CL orgf 3
 (0.001,1) ; CL orgf 4/5
 (-5,-0.5) ; CRP-CL pwr
$OMEGA  0.1  ;     IIV CL
 0.1  ;     IIV V1
$OMEGA  BLOCK(1)
 0.05  ;        IOV
$OMEGA  BLOCK(1) SAME
$OMEGA  BLOCK(1) SAME
$OMEGA  BLOCK(1) SAME
$OMEGA  BLOCK(1) SAME
$OMEGA  BLOCK(1) SAME
$SIGMA  0.1  ; Proportional error PK
 0.1  ; Additive error PK
$ESTIMATION METHOD=1 INTER MAXEVAL=2000 NOABORT SIG=3 PRINT=5 POSTHOC
$COVARIANCE PRINT=E
$TABLE      ID TIME DV MDV PRED IPRED CWRES WT ONEHEADER NOPRINT
            FILE=sdtab
$TABLE      ID CL V1 V2 Q ETA(1) ETA(2) ETCL IOV WT ORGF CRP ONEHEADER
            NOPRINT FIRSTONLY FILE=patab

  
NM-TRAN MESSAGES 
  
 WARNINGS AND ERRORS (IF ANY) FOR PROBLEM    1
             
 (WARNING  2) NM-TRAN INFERS THAT THE DATA ARE POPULATION.
  
License Registered to: Leiden Academic Center for Drug Research
Expiration Date:    14 JAN 2018
Current Date:       11 SEP 2017
Days until program expires : 128
1NONLINEAR MIXED EFFECTS MODEL PROGRAM (NONMEM) VERSION 7.3.0
 ORIGINALLY DEVELOPED BY STUART BEAL, LEWIS SHEINER, AND ALISON BOECKMANN
 CURRENT DEVELOPERS ARE ROBERT BAUER, ICON DEVELOPMENT SOLUTIONS,
 AND ALISON BOECKMANN. IMPLEMENTATION, EFFICIENCY, AND STANDARDIZATION
 PERFORMED BY NOUS INFOSYSTEMS.

 PROBLEM NO.:         1
 Midazolam PK in critically ill Children
0DATA CHECKOUT RUN:              NO
 DATA SET LOCATED ON UNIT NO.:    2
 THIS UNIT TO BE REWOUND:        NO
 NO. OF DATA RECS IN DATA SET:       99
 NO. OF DATA ITEMS IN DATA SET:  11
 ID DATA ITEM IS DATA ITEM NO.:   1
 DEP VARIABLE IS DATA ITEM NO.:   6
 MDV DATA ITEM IS DATA ITEM NO.:  7
0INDICES PASSED TO SUBROUTINE PRED:
  11   2   4   5   0   0   3   0   0   0   0
0LABELS FOR DATA ITEMS:
 ID TIME CMT AMT RATE DV MDV ORGF WT CRP EVID
0(NONBLANK) LABELS FOR PRED-DEFINED ITEMS:
 IOV ETCL CL V1 Q V2 IPRED
0FORMAT FOR DATA:
 (7E10.0/3E10.0,1F2.0)

 TOT. NO. OF OBS RECS:       42
 TOT. NO. OF INDIVIDUALS:      7
0LENGTH OF THETA:  11
0DEFAULT THETA BOUNDARY TEST OMITTED:    NO
0OMEGA HAS BLOCK FORM:
  1
  0  2
  0  0  3
  0  0  0  3
  0  0  0  0  3
  0  0  0  0  0  3
  0  0  0  0  0  0  3
  0  0  0  0  0  0  0  3
0DEFAULT OMEGA BOUNDARY TEST OMITTED:    NO
0SIGMA HAS SIMPLE DIAGONAL FORM WITH DIMENSION:   2
0DEFAULT SIGMA BOUNDARY TEST OMITTED:    NO
0INITIAL ESTIMATE OF THETA:
 LOWER BOUND    INITIAL EST    UPPER BOUND
  0.1600E+01     0.1600E+01     0.1600E+01
  0.1000E-02     0.1000E+02     0.1000E+07
  0.1000E-02     0.1000E+01     0.1000E+07
  0.1000E-02     0.1000E+02     0.1000E+07
  0.1000E-02     0.7500E+00     0.1000E+07
  0.1000E-02     0.7500E+00     0.1000E+07
  0.1000E-02     0.1000E+01     0.1000E+07
  0.1000E-02     0.1000E+01     0.1000E+07
  0.1000E-02     0.1000E+01     0.1000E+07
  0.1000E-02     0.1000E+01     0.1000E+07
 -0.5000E+01    -0.5000E+00     0.1000E+07
0INITIAL ESTIMATE OF OMEGA:
 BLOCK SET NO.   BLOCK                                                                    FIXED
        1                                                                                   NO
                  0.1000E+00
        2                                                                                   NO
                  0.1000E+00
        3                                                                                   NO
                  0.5000E-01
0INITIAL ESTIMATE OF SIGMA:
 0.1000E+00
 0.0000E+00   0.1000E+00
0COVARIANCE STEP OMITTED:        NO
 EIGENVLS. PRINTED:             YES
 SPECIAL COMPUTATION:            NO
 COMPRESSED FORMAT:              NO
 SIGDIGITS ETAHAT (SIGLO):                  -1
 SIGDIGITS GRADIENTS (SIGL):                -1
 RELATIVE TOLERANCE (TOL):                  -1
 ABSOLUTE TOLERANCE-ADVAN 9,13 ONLY (ATOL): -1
 EXCLUDE COV FOR FOCE (NOFCOV):              NO
 RESUME COV ANALYSIS (RESUME):               NO
0TABLES STEP OMITTED:    NO
 NO. OF TABLES:           2
 SEED NUMBER (SEED):    11456
 RANMETHOD:
 MC SAMPLES (ESEED):    300
 WRES SQUARE ROOT TYPE:            EIGENVALUE
0-- TABLE   1 --
 PRINTED:                NO
 HEADER:                YES
 FILE TO BE FORWARDED:   NO
 FORMAT:                S1PE11.4
 LFORMAT:
 RFORMAT:
0USER-CHOSEN ITEMS:
 ID TIME DV MDV IPRED CWRES WT
0-- TABLE   2 --
0FIRST RECORDS ONLY:    YES
 PRINTED:                NO
 HEADER:                YES
 FILE TO BE FORWARDED:   NO
 FORMAT:                S1PE11.4
 LFORMAT:
 RFORMAT:
0USER-CHOSEN ITEMS:
 ID CL V1 V2 Q ETA1 ETA2 ETCL IOV WT ORGF CRP
0WARNING: THE NUMBER OF PARAMETERS TO BE ESTIMATED
 EXCEEDS THE NUMBER OF INDIVIDUALS WITH DATA.
0WARNING: FOR AN ASYMPTOTIC ESTIMATE OF THE VARIANCE-COVARIANCE MATRIX
 OF THE GRADIENT VECTOR, THE COVARIANCE STEP COMPUTES THE S MATRIX.
 BUT WHEN THE NUMBER OF PARAMETERS TO BE ESTIMATED
 EXCEEDS THE NUMBER OF INDIVIDUALS WITH DATA,
 THIS MATRIX CAN BE SINGULAR AND BE A POOR ASYMPTOTIC ESTIMATE.
1DOUBLE PRECISION PREDPP VERSION 7.3.0

 GENERAL NONLINEAR KINETICS MODEL (ADVAN6)
0MODEL SUBROUTINE USER-SUPPLIED - ID NO. 9999
0MAXIMUM NO. OF BASIC PK PARAMETERS:   3
0COMPARTMENT ATTRIBUTES
 COMPT. NO.   FUNCTION   INITIAL    ON/OFF      DOSE      DEFAULT    DEFAULT
                         STATUS     ALLOWED    ALLOWED    FOR DOSE   FOR OBS.
    1         CENTRAL      ON         YES        YES        YES        YES
    2         PERIPH       ON         YES        YES        NO         NO
    3         OUTPUT       OFF        YES        NO         NO         NO
0NRD VALUE FROM SUBROUTINE TOL:   6
1
 ADDITIONAL PK PARAMETERS - ASSIGNMENT OF ROWS IN GG
 COMPT. NO.                             INDICES
              SCALE      BIOAVAIL.   ZERO-ORDER  ZERO-ORDER  ABSORB
                         FRACTION    RATE        DURATION    LAG
    1            4           *           *           *           *
    2            *           *           *           *           *
    3            *           -           -           -           -
             - PARAMETER IS NOT ALLOWED FOR THIS MODEL
             * PARAMETER IS NOT SUPPLIED BY PK SUBROUTINE;
               WILL DEFAULT TO ONE IF APPLICABLE
0DATA ITEM INDICES USED BY PRED ARE:
   EVENT ID DATA ITEM IS DATA ITEM NO.:     11
   TIME DATA ITEM IS DATA ITEM NO.:          2
   DOSE AMOUNT DATA ITEM IS DATA ITEM NO.:   4
   DOSE RATE DATA ITEM IS DATA ITEM NO.:     5
   COMPT. NO. DATA ITEM IS DATA ITEM NO.:    3

0PK SUBROUTINE CALLED WITH EVERY EVENT RECORD.
 PK SUBROUTINE NOT CALLED AT NONEVENT (ADDITIONAL OR LAGGED) DOSE TIMES.
0ERROR SUBROUTINE CALLED WITH EVERY EVENT RECORD.
0DES SUBROUTINE USES COMPACT STORAGE MODE.
1


 #TBLN:      1
 #METH: First Order Conditional Estimation with Interaction

 ESTIMATION STEP OMITTED:                 NO  
 ANALYSIS TYPE:                           POPULATION
 CONDITIONAL ESTIMATES USED:              YES 
 CENTERED ETA:                            NO  
 EPS-ETA INTERACTION:                     YES 
 LAPLACIAN OBJ. FUNC.:                    NO  
 NO. OF FUNCT. EVALS. ALLOWED:            2000
 NO. OF SIG. FIGURES REQUIRED:            3
 INTERMEDIATE PRINTOUT:                   YES 
 ESTIMATE OUTPUT TO MSF:                  NO  
 ABORT WITH PRED EXIT CODE 1:             NO  
 IND. OBJ. FUNC. VALUES SORTED:           NO  
 NUMERICAL DERIVATIVE 
       FILE REQUEST (NUMDER):             NONE
 MAP (ETAHAT) ESTIMATION METHOD (OPTMAP): 0           
 ETA HESSIAN EVALUATION METHOD (ETADER):  0           
 INITIAL ETA FOR MAP ESTIMATION (MCETA):  0           
 SIGDIGITS FOR MAP ESTIMATION (SIGLO):    100         
 GRADIENT SIGDIGITS OF 
       FIXED EFFECTS PARAMETERS (SIGL):   100         
 EXCLUDE TITLE (NOTITLE):                 NO 
 EXCLUDE COLUMN LABELS (NOLABEL):         NO 
 NOPRIOR SETTING (NOPRIOR):               OFF
 NOCOV SETTING (NOCOV):                   OFF
 DERCONT SETTING (DERCONT):               OFF
 ABSOLUTE TOLERANCE-ADVAN 9,13 ONLY(ATOL):-100        
 FINAL ETA RE-EVALUATION (FNLETA):        ON 
 EXCLUDE NON-INFLUENTIAL (NON-INFL.) ETAS 
       IN SHRINKAGE (ETASTYPE):           NO 
 NON-INFL. ETA CORRECTION (NONINFETA):    OFF
 FORMAT FOR ADDITIONAL FILES (FORMAT):    S1PE12.5
 PARAMETER ORDER FOR OUTPUTS (ORDER):     TSOL
 ADDITIONAL CONVERGENCE TEST (CTYPE=4)?:  NO
 EM OR BAYESIAN METHOD USED:                NONE


 THE FOLLOWING LABELS ARE EQUIVALENT
 PRED=PREDI
 RES=RESI
 WRES=WRESI
 IWRS=IWRESI
 IPRD=IPREDI
 IRS=IRESI

 MONITORING OF SEARCH:


0ITERATION NO.:    0    OBJECTIVE VALUE:   508.160610241258        NO. OF FUNC. EVALS.:  14
 CUMULATIVE NO. OF FUNC. EVALS.:       14
 NPARAMETR:  1.0000E+01  1.0000E+00  1.0000E+01  7.5000E-01  7.5000E-01  1.0000E+00  1.0000E+00  1.0000E+00  1.0000E+00 -5.0000E-01
             1.0000E-01  1.0000E-01  5.0000E-02  1.0000E-01  1.0000E-01
 PARAMETER:  1.0000E-01  1.0000E-01  1.0000E-01  1.0000E-01  1.0000E-01  1.0000E-01  1.0000E-01  1.0000E-01  1.0000E-01  1.0000E-01
             1.0000E-01  1.0000E-01  1.0000E-01  1.0000E-01  1.0000E-01
 GRADIENT:   1.5863E+01  1.8864E+00  2.4344E+01 -2.6526E+01  1.6672E+00 -1.1670E+01  1.0283E+01  4.7159E-01  5.0886E+00 -8.7386E+01
            -1.3065E+01 -5.5391E+00 -1.0329E+01 -3.8550E+01  3.7942E-03

0ITERATION NO.:    5    OBJECTIVE VALUE:   481.752381240483        NO. OF FUNC. EVALS.:  15
 CUMULATIVE NO. OF FUNC. EVALS.:       90
 NPARAMETR:  6.8502E+00  1.0516E+00  4.9728E+00  1.0560E+00  7.1598E-01  1.4040E+00  8.6729E-01  8.4385E-01  6.2525E-01 -2.0135E-01
             1.7972E-01  1.0559E-01  6.5847E-02  1.3130E-01  9.9941E-02
 PARAMETER: -2.7836E-01  1.5033E-01 -5.9871E-01  4.4252E-01  5.3517E-02  4.3958E-01 -4.2540E-02 -6.9971E-02 -3.7020E-01  1.6426E-01
             3.9312E-01  1.2722E-01  2.3765E-01  2.3614E-01  9.9705E-02
 GRADIENT:  -1.7131E+00 -1.8040E+00  1.6741E+00 -2.8843E+00 -2.0523E+00  2.9757E-01 -3.1339E+00  4.6920E+00  1.5700E+00  6.2517E+01
             3.6462E+00  1.9038E+00  1.8645E+00  7.5021E+00  6.2383E-03

0ITERATION NO.:   10    OBJECTIVE VALUE:   477.432104303746        NO. OF FUNC. EVALS.:  15
 CUMULATIVE NO. OF FUNC. EVALS.:      166
 NPARAMETR:  6.5406E+00  1.9925E+00  2.4153E+00  1.1945E+00  8.1793E-01  1.2811E+00  9.7535E-01  6.9129E-01  5.8900E-01 -2.7113E-01
             1.3428E-01  2.8932E-02  9.5486E-03  1.3854E-01  9.9174E-02
 PARAMETER: -3.2460E-01  7.8991E-01 -1.3211E+00  5.6589E-01  1.8681E-01  3.4794E-01  7.5015E-02 -2.6965E-01 -4.3002E-01  1.4961E-01
             2.4739E-01 -5.2011E-01 -7.2782E-01  2.6299E-01  9.5852E-02
 GRADIENT:  -4.7462E+00 -1.3107E-01 -2.3712E+00  1.2238E+01  4.2471E-02  7.3037E+00 -1.8608E+00  9.9106E-01  3.2107E+00  4.2533E+01
             1.8832E+00  4.6802E-01  8.2776E-01  6.0639E+00  4.5656E-03

0ITERATION NO.:   15    OBJECTIVE VALUE:   475.294591241764        NO. OF FUNC. EVALS.:  15
 CUMULATIVE NO. OF FUNC. EVALS.:      241
 NPARAMETR:  8.4267E+00  1.5555E+00  1.7112E+00  1.1383E+00  6.8378E-01  1.1656E+00  9.7814E-01  6.4543E-01  4.8661E-01 -2.8714E-01
             7.2331E-02  2.4984E-02  3.7528E-03  1.2892E-01  9.7087E-02
 PARAMETER: -7.1204E-02  5.4214E-01 -1.6659E+00  5.1763E-01  7.4319E-03  2.5334E-01  7.7875E-02 -3.3838E-01 -6.2135E-01  1.4622E-01
            -6.1957E-02 -5.9347E-01 -1.1948E+00  2.2703E-01  8.5216E-02
 GRADIENT:   1.8139E-02 -8.0948E-02 -2.4920E-01 -1.5990E+00  2.2738E-02 -3.9161E-01 -6.0053E-01 -4.9595E-01 -3.7293E-01 -6.7180E+00
            -2.6499E-02  2.1842E-01  5.6735E-01  4.9233E-01  5.7936E-03

0ITERATION NO.:   20    OBJECTIVE VALUE:   475.079587357153        NO. OF FUNC. EVALS.:  15
 CUMULATIVE NO. OF FUNC. EVALS.:      316
 NPARAMETR:  8.8187E+00  1.2833E+00  1.1289E+00  1.1374E+00  6.6030E-01  1.1628E+00  9.8558E-01  6.5567E-01  5.0204E-01 -2.9494E-01
             7.8127E-02  1.4684E-02  3.5555E-04  1.2965E-01  8.3238E-02
 PARAMETER: -2.5725E-02  3.4962E-01 -2.0821E+00  5.1686E-01 -2.7563E-02  2.5098E-01  8.5457E-02 -3.2262E-01 -5.9008E-01  1.4456E-01
            -2.3420E-02 -8.5922E-01 -2.3731E+00  2.2985E-01  8.2699E-03
 GRADIENT:  -1.2928E-01 -1.3771E-02 -2.0381E-01 -6.6416E-02  9.2984E-02  3.7971E-01  6.2003E-03 -1.2965E-02 -1.7947E-01 -6.4019E-01
             1.7722E-01  2.3765E-03  6.8841E-02  2.2312E-01  5.7512E-03

0ITERATION NO.:   25    OBJECTIVE VALUE:   474.859425856878        NO. OF FUNC. EVALS.:  16
 CUMULATIVE NO. OF FUNC. EVALS.:      394
 NPARAMETR:  7.0831E+00  2.6639E+00  3.4508E+00  1.1300E+00  7.6201E-01  1.1448E+00  9.7222E-01  6.6519E-01  5.2689E-01 -3.0669E-01
             8.9170E-02  1.7766E-02  5.0000E-06  1.2719E-01  5.2138E-03
 PARAMETER: -2.4491E-01  1.0804E+00 -9.6417E-01  5.1038E-01  1.1591E-01  2.3536E-01  7.1799E-02 -3.0819E-01 -5.4166E-01  1.4206E-01
             4.2689E-02 -7.6393E-01 -5.5449E+00  2.2026E-01 -1.3769E+00
 GRADIENT:   5.2512E+00 -3.7661E-01  1.7141E+00 -1.7255E+00  2.0618E+00 -1.7797E+00  2.5501E+00  1.0352E-01  6.4982E-01  2.4492E+01
             5.7030E-01 -1.8028E-01  0.0000E+00 -1.1736E+00  4.5914E-04

0ITERATION NO.:   30    OBJECTIVE VALUE:   473.741436905826        NO. OF FUNC. EVALS.:  15
 CUMULATIVE NO. OF FUNC. EVALS.:      472
 NPARAMETR:  3.3319E+00  5.3203E+00  7.1375E+00  1.1627E+00  1.1008E+00  1.1860E+00  9.8345E-01  6.5293E-01  5.3374E-01 -3.1445E-01
             7.7993E-02  3.7167E-03  5.0000E-06  1.2708E-01  1.3271E-03
 PARAMETER: -9.9925E-01  1.7723E+00 -2.3727E-01  5.3889E-01  4.8412E-01  2.7074E-01  8.3298E-02 -3.2682E-01 -5.2872E-01  1.4041E-01
            -2.4277E-02 -1.5462E+00 -7.6343E+00  2.1982E-01 -2.0611E+00
 GRADIENT:   3.3793E+00 -3.5139E-01  3.4034E+00  4.2276E+00  1.0323E+00 -1.3241E-01  4.7392E+00  1.2588E+00  1.6463E+00  4.0298E+01
            -3.1733E-01 -1.4778E-04  0.0000E+00 -1.9624E+00  1.4174E-04

0ITERATION NO.:   35    OBJECTIVE VALUE:   472.189283972795        NO. OF FUNC. EVALS.:  15
 CUMULATIVE NO. OF FUNC. EVALS.:      548
 NPARAMETR:  1.1450E+00  5.7396E+00  9.3745E+00  1.1573E+00  1.6176E+00  1.1532E+00  8.8575E-01  6.6471E-01  5.7356E-01 -3.4959E-01
             1.2953E-01  6.4396E-05  5.0000E-06  1.1243E-01  3.8576E-04
 PARAMETER: -2.0679E+00  1.8482E+00  3.5403E-02  5.3422E-01  8.6936E-01  2.4270E-01 -2.1454E-02 -3.0891E-01 -4.5663E-01  1.3288E-01
             2.2936E-01 -3.5739E+00 -1.0797E+01  1.5859E-01 -2.6789E+00
 GRADIENT:   2.4920E+00 -1.1687E-01  3.3414E+00  1.5026E-01  4.2629E+00 -1.2217E+00  1.0027E+00 -2.4458E-01  2.3380E-01  1.8648E+01
             2.8739E-01  1.7134E-03  0.0000E+00 -2.2765E+00  4.2664E-05

0ITERATION NO.:   40    OBJECTIVE VALUE:   471.635236794147        NO. OF FUNC. EVALS.:  15
 CUMULATIVE NO. OF FUNC. EVALS.:      623
 NPARAMETR:  3.0039E-01  7.0509E+00  1.0738E+01  1.1581E+00  2.2343E+00  1.1781E+00  8.7009E-01  6.9974E-01  6.0887E-01 -3.9345E-01
             1.5962E-01  1.0000E-05  5.0000E-06  1.0934E-01  1.5550E-04
 PARAMETER: -3.4085E+00  2.0540E+00  1.7121E-01  5.3491E-01  1.1925E+00  2.6405E-01 -3.9306E-02 -2.5748E-01 -3.9680E-01  1.2340E-01
             3.3380E-01 -6.8411E+00 -1.3766E+01  1.4466E-01 -3.1331E+00
 GRADIENT:   1.4700E+00  8.4890E-02  9.2973E-01 -3.1120E-01  6.6278E+00 -1.4984E-01  3.2219E-01  5.8675E-02 -1.5922E-01  1.2799E+00
             2.2100E-01  0.0000E+00  0.0000E+00 -6.5980E-01  1.6027E-05

0ITERATION NO.:   45    OBJECTIVE VALUE:   471.596368444922        NO. OF FUNC. EVALS.:  28
 CUMULATIVE NO. OF FUNC. EVALS.:      711
 NPARAMETR:  2.4547E-01  6.9030E+00  1.0800E+01  1.1604E+00  2.3108E+00  1.1813E+00  8.6499E-01  6.9540E-01  6.0590E-01 -3.9365E-01
             1.5695E-01  1.0000E-05  5.0000E-06  1.0955E-01  1.4529E-04
 PARAMETER: -3.6112E+00  2.0328E+00  1.7696E-01  5.3694E-01  1.2262E+00  2.6676E-01 -4.5194E-02 -2.6370E-01 -4.0169E-01  1.2336E-01
             3.2537E-01 -7.3905E+00 -1.4119E+01  1.4562E-01 -3.1671E+00
 GRADIENT:  -3.7801E-02 -1.3005E-02 -4.1606E-02 -5.2006E-01 -3.6718E-01 -3.6508E-02 -4.7900E-02 -7.0986E-02 -4.9111E-02 -4.1954E+00
            -6.7276E-02  0.0000E+00  0.0000E+00  1.7273E-02  1.5687E-05

0ITERATION NO.:   50    OBJECTIVE VALUE:   471.592908854539        NO. OF FUNC. EVALS.:  39
 CUMULATIVE NO. OF FUNC. EVALS.:      859            RESET HESSIAN, TYPE II
 NPARAMETR:  2.2115E-01  6.9105E+00  1.0868E+01  1.1658E+00  2.3590E+00  1.1832E+00  8.6162E-01  6.9337E-01  6.0298E-01 -3.9277E-01
             1.5807E-01  1.0000E-05  5.0000E-06  1.0954E-01  1.3677E-04
 PARAMETER: -3.7159E+00  2.0339E+00  1.8328E-01  5.4157E-01  1.2468E+00  2.6837E-01 -4.9096E-02 -2.6664E-01 -4.0653E-01  1.2355E-01
             3.2894E-01 -7.6525E+00 -1.4274E+01  1.4557E-01 -3.1973E+00
 GRADIENT:   8.4934E-02  8.8807E-03  3.1802E-02  5.2248E-01  6.6203E-01  1.8895E-02  1.2879E-02  1.5657E-02  7.9954E-02  3.3742E+00
            -1.0827E-03  0.0000E+00  0.0000E+00  1.1097E-02  1.4850E-05

0ITERATION NO.:   55    OBJECTIVE VALUE:   471.592903885650        NO. OF FUNC. EVALS.:  27
 CUMULATIVE NO. OF FUNC. EVALS.:      995
 NPARAMETR:  2.2114E-01  6.9126E+00  1.0869E+01  1.1658E+00  2.3590E+00  1.1833E+00  8.6175E-01  6.9329E-01  6.0295E-01 -3.9274E-01
             1.5803E-01  1.0000E-05  5.0000E-06  1.0956E-01  3.8874E-05
 PARAMETER: -3.7160E+00  2.0342E+00  1.8331E-01  5.4154E-01  1.2468E+00  2.6844E-01 -4.8953E-02 -2.6675E-01 -4.0657E-01  1.2356E-01
             3.2881E-01 -7.6521E+00 -1.4274E+01  1.4563E-01 -3.8263E+00
 GRADIENT:  -2.6199E-03  4.0795E-04  1.6836E-03 -1.0200E-03 -1.3506E-02  2.9814E-04  3.7379E-03 -7.0342E-04  8.3818E-04  2.3750E-02
            -2.1928E-05  0.0000E+00  0.0000E+00  2.5324E-03  4.2078E-06

0ITERATION NO.:   60    OBJECTIVE VALUE:   471.592901839851        NO. OF FUNC. EVALS.:  24
 CUMULATIVE NO. OF FUNC. EVALS.:     1127
 NPARAMETR:  2.2115E-01  6.9107E+00  1.0869E+01  1.1658E+00  2.3590E+00  1.1832E+00  8.6165E-01  6.9329E-01  6.0294E-01 -3.9274E-01
             1.5807E-01  1.0000E-05  5.0000E-06  1.0955E-01  1.0000E-05
 PARAMETER: -3.7160E+00  2.0339E+00  1.8330E-01  5.4157E-01  1.2468E+00  2.6838E-01 -4.9064E-02 -2.6675E-01 -4.0659E-01  1.2356E-01
             3.2892E-01 -7.6524E+00 -1.4274E+01  1.4560E-01 -4.6153E+00
 GRADIENT:  -5.1366E-04 -6.9364E-05  9.2093E-04  1.3566E-04 -2.8558E-03 -9.5430E-04  1.9155E-04 -1.0455E-03 -4.8203E-05  9.8026E-03
             5.5643E-04  0.0000E+00  0.0000E+00  6.7599E-04  0.0000E+00

 #TERM:
0MINIMIZATION SUCCESSFUL
 NO. OF FUNCTION EVALUATIONS USED:     1127
 NO. OF SIG. DIGITS IN FINAL EST.:  3.8
0PARAMETER ESTIMATE IS NEAR ITS BOUNDARY
 THIS MUST BE ADDRESSED BEFORE THE COVARIANCE STEP CAN BE IMPLEMENTED

 ETABAR IS THE ARITHMETIC MEAN OF THE ETA-ESTIMATES,
 AND THE P-VALUE IS GIVEN FOR THE NULL HYPOTHESIS THAT THE TRUE MEAN IS 0.

 ETABAR:         5.4516E-02 -4.1794E-07 -5.0448E-06  2.0006E-06 -9.2611E-07 -3.2003E-06  2.1832E-06  6.7118E-06
 SE:             1.4395E-01  4.9610E-07  6.2756E-06  1.9377E-06  5.3763E-06  3.5837E-06  1.7171E-06  2.6961E-06
 N:                       7           7           7           7           7           7           7           7

 P VAL.:         7.0490E-01  3.9953E-01  4.2147E-01  3.0186E-01  8.6323E-01  3.7186E-01  2.0356E-01  1.2792E-02

 ETAshrink(%):   1.0000E-10  9.9955E+01  9.9198E+01  9.9752E+01  9.9313E+01  9.9542E+01  9.9781E+01  9.9655E+01
 EBVshrink(%):   3.6542E+00  9.9548E+01  9.9572E+01  9.9492E+01  9.9488E+01  9.9272E+01  9.9795E+01  9.9176E+01
 EPSshrink(%):   6.3898E+00  6.3898E+00

 #TERE:
 Elapsed estimation time in seconds:   403.83
1
 
 
 
 
 
 
 
 
 
 
 
 
 
 
 
 
 
 
 
 
 ************************************************************************************************************************
 ********************                                                                                ********************
 ********************               FIRST ORDER CONDITIONAL ESTIMATION WITH INTERACTION              ********************
 #OBJT:**************                       MINIMUM VALUE OF OBJECTIVE FUNCTION                      ********************
 ********************                                                                                ********************
 ************************************************************************************************************************
 





 #OBJV:********************************************      471.593       **************************************************
1
 ************************************************************************************************************************
 ********************                                                                                ********************
 ********************               FIRST ORDER CONDITIONAL ESTIMATION WITH INTERACTION              ********************
 ********************                             FINAL PARAMETER ESTIMATE                           ********************
 ********************                                                                                ********************
 ************************************************************************************************************************
 


 THETA - VECTOR OF FIXED EFFECTS PARAMETERS   *********


         TH 1      TH 2      TH 3      TH 4      TH 5      TH 6      TH 7      TH 8      TH 9      TH10      TH11     
 
         1.60E+00  2.21E-01  6.91E+00  1.09E+01  1.17E+00  2.36E+00  1.18E+00  8.62E-01  6.93E-01  6.03E-01 -3.93E-01
 


 OMEGA - COV MATRIX FOR RANDOM EFFECTS - ETAS  ********


            ETA1      ETA2      ETA3      ETA4      ETA5      ETA6      ETA7      ETA8   
 
 ETA1
+        1.58E-01
 
 ETA2
+        0.00E+00  1.00E-05
 
 ETA3
+        0.00E+00  0.00E+00  5.00E-06
 
 ETA4
+        0.00E+00  0.00E+00  0.00E+00  5.00E-06
 
 ETA5
+        0.00E+00  0.00E+00  0.00E+00  0.00E+00  5.00E-06
 
 ETA6
+        0.00E+00  0.00E+00  0.00E+00  0.00E+00  0.00E+00  5.00E-06
 
 ETA7
+        0.00E+00  0.00E+00  0.00E+00  0.00E+00  0.00E+00  0.00E+00  5.00E-06
 
 ETA8
+        0.00E+00  0.00E+00  0.00E+00  0.00E+00  0.00E+00  0.00E+00  0.00E+00  5.00E-06
 


 SIGMA - COV MATRIX FOR RANDOM EFFECTS - EPSILONS  ****


            EPS1      EPS2   
 
 EPS1
+        1.10E-01
 
 EPS2
+        0.00E+00  1.00E-05
 
1


 OMEGA - CORR MATRIX FOR RANDOM EFFECTS - ETAS  *******


            ETA1      ETA2      ETA3      ETA4      ETA5      ETA6      ETA7      ETA8   
 
 ETA1
+        3.98E-01
 
 ETA2
+        0.00E+00  3.16E-03
 
 ETA3
+        0.00E+00  0.00E+00  2.24E-03
 
 ETA4
+        0.00E+00  0.00E+00  0.00E+00  2.24E-03
 
 ETA5
+        0.00E+00  0.00E+00  0.00E+00  0.00E+00  2.24E-03
 
 ETA6
+        0.00E+00  0.00E+00  0.00E+00  0.00E+00  0.00E+00  2.24E-03
 
 ETA7
+        0.00E+00  0.00E+00  0.00E+00  0.00E+00  0.00E+00  0.00E+00  2.24E-03
 
 ETA8
+        0.00E+00  0.00E+00  0.00E+00  0.00E+00  0.00E+00  0.00E+00  0.00E+00  2.24E-03
 


 SIGMA - CORR MATRIX FOR RANDOM EFFECTS - EPSILONS  ***


            EPS1      EPS2   
 
 EPS1
+        3.31E-01
 
 EPS2
+        0.00E+00  3.16E-03
 
 #CPUT: Total CPU Time in Seconds,      373.076
Stop Time: 
11/09/2017 
17:22
